JUnit version 4.13.2
java : ышёЄ. 23, 2025 1:04:26 ─╧ DataReader readPersons
At line:1 char:1
+ java -cp $cp org.junit.runner.JUnitCore DataReaderTest 2>&1 | Tee-Obj ...
+ ~~~~~~~~~~~~~~~~~~~~~~~~~~~~~~~~~~~~~~~~~~~~~~~~~~~~~~~~~~~
    + CategoryInfo          : NotSpecified: (ышёЄ. 23, 2025 ...der readPersons:String) [], RemoteException
    + FullyQualifiedErrorId : NativeCommandError
 
INFO: Opening file: nonexistent_file.csv
ышёЄ. 23, 2025 1:04:26 ─╧ DataReader readPersons
SEVERE: File not found: nonexistent_file.csv - nonexistent_file.csv (The system cannot find the file specified)
java.io.FileNotFoundException: nonexistent_file.csv (The system cannot find the file specified)
	at java.base/java.io.FileInputStream.open0(Native Method)
	at java.base/java.io.FileInputStream.open(FileInputStream.java:216)
	at java.base/java.io.FileInputStream.<init>(FileInputStream.java:157)
	at java.base/java.io.FileInputStream.<init>(FileInputStream.java:111)
	at java.base/java.io.FileReader.<init>(FileReader.java:60)
	at DataReader.readPersons(DataReader.java:18)
	at DataReaderTest.testReadPersonsFileNotFound(DataReaderTest.java:82)
	at java.base/jdk.internal.reflect.NativeMethodAccessorImpl.invoke0(Native Method)
	at java.base/jdk.internal.reflect.NativeMethodAccessorImpl.invoke(NativeMethodAccessorImpl.java:77)
	at java.base/jdk.internal.reflect.DelegatingMethodAccessorImpl.invoke(DelegatingMethodAccessorImpl.java:43)
	at java.base/java.lang.reflect.Method.invoke(Method.java:569)
	at org.junit.runners.model.FrameworkMethod$1.runReflectiveCall(FrameworkMethod.java:59)
	at org.junit.internal.runners.model.ReflectiveCallable.run(ReflectiveCallable.java:12)
	at org.junit.runners.model.FrameworkMethod.invokeExplosively(FrameworkMethod.java:56)
	at org.junit.internal.runners.statements.InvokeMethod.evaluate(InvokeMethod.java:17)
	at org.junit.internal.runners.statements.ExpectException.evaluate(ExpectException.java:19)
	at org.junit.runners.ParentRunner$3.evaluate(ParentRunner.java:306)
	at org.junit.runners.BlockJUnit4ClassRunner$1.evaluate(BlockJUnit4ClassRunner.java:100)
	at org.junit.runners.ParentRunner.runLeaf(ParentRunner.java:366)
	at org.junit.runners.BlockJUnit4ClassRunner.runChild(BlockJUnit4ClassRunner.java:103)
	at org.junit.runners.BlockJUnit4ClassRunner.runChild(BlockJUnit4ClassRunner.java:63)
	at org.junit.runners.ParentRunner$4.run(ParentRunner.java:331)
	at org.junit.runners.ParentRunner$1.schedule(ParentRunner.java:79)
	at org.junit.runners.ParentRunner.runChildren(ParentRunner.java:329)
	at org.junit.runners.ParentRunner.access$100(ParentRunner.java:66)
	at org.junit.runners.ParentRunner$2.evaluate(ParentRunner.java:293)
	at org.junit.runners.ParentRunner$3.evaluate(ParentRunner.java:306)
	at org.junit.runners.ParentRunner.run(ParentRunner.java:413)
	at org.junit.runners.Suite.runChild(Suite.java:128)
	at org.junit.runners.Suite.runChild(Suite.java:27)
	at org.junit.runners.ParentRunner$4.run(ParentRunner.java:331)
	at org.junit.runners.ParentRunner$1.schedule(ParentRunner.java:79)
	at org.junit.runners.ParentRunner.runChildren(ParentRunner.java:329)
	at org.junit.runners.ParentRunner.access$100(ParentRunner.java:66)
	at org.junit.runners.ParentRunner$2.evaluate(ParentRunner.java:293)
	at org.junit.runners.ParentRunner$3.evaluate(ParentRunner.java:306)
	at org.junit.runners.ParentRunner.run(ParentRunner.java:413)
	at org.junit.runner.JUnitCore.run(JUnitCore.java:137)
	at org.junit.runner.JUnitCore.run(JUnitCore.java:115)
	at org.junit.runner.JUnitCore.runMain(JUnitCore.java:77)
	at org.junit.runner.JUnitCore.main(JUnitCore.java:36)

ышёЄ. 23, 2025 1:04:26 ─╧ DataReader readPersons
INFO: Opening file: C:\Users\Yurii\AppData\Local\Temp\test_persons293915608418075069.csv
ышёЄ. 23, 2025 1:04:26 ─╧ DataReader readPersons
INFO: Finished reading file: C:\Users\Yurii\AppData\Local\Temp\test_persons293915608418075069.csv, loaded persons: 0
ышёЄ. 23, 2025 1:04:26 ─╧ DataReader readPersons
FINE: Closed file: C:\Users\Yurii\AppData\Local\Temp\test_persons293915608418075069.csv
ышёЄ. 23, 2025 1:04:26 ─╧ DataReader readPersons
INFO: Opening file: C:\Users\Yurii\AppData\Local\Temp\test_persons7504678800648341054.csv
ышёЄ. 23, 2025 1:04:26 ─╧ Person <init>
INFO: Created Person: Person{id=1, name='Alice', age=25}
ышёЄ. 23, 2025 1:04:26 ─╧ Person <init>
INFO: Created Person: Person{id=2, name='Bob', age=30}
ышёЄ. 23, 2025 1:04:26 ─╧ DataReader readPersons
INFO: Finished reading file: C:\Users\Yurii\AppData\Local\Temp\test_persons7504678800648341054.csv, loaded persons: 2
ышёЄ. 23, 2025 1:04:26 ─╧ DataReader readPersons
FINE: Closed file: C:\Users\Yurii\AppData\Local\Temp\test_persons7504678800648341054.csv
ышёЄ. 23, 2025 1:04:26 ─╧ DataReader readPersons
INFO: Opening file: C:\Users\Yurii\AppData\Local\Temp\test_persons2256054352892800078.csv
ышёЄ. 23, 2025 1:04:26 ─╧ Person <init>
INFO: Created Person: Person{id=1, name='Alice', age=25}
ышёЄ. 23, 2025 1:04:26 ─╧ Person <init>
INFO: Created Person: Person{id=2, name='Bob', age=30}
ышёЄ. 23, 2025 1:04:26 ─╧ DataReader readPersons
INFO: Finished reading file: C:\Users\Yurii\AppData\Local\Temp\test_persons2256054352892800078.csv, loaded persons: 2
ышёЄ. 23, 2025 1:04:26 ─╧ DataReader readPersons
FINE: Closed file: C:\Users\Yurii\AppData\Local\Temp\test_persons2256054352892800078.csv
ышёЄ. 23, 2025 1:04:26 ─╧ DataReader readPersons
INFO: Opening file: C:\Users\Yurii\AppData\Local\Temp\test_persons6573025670671005887.csv
ышёЄ. 23, 2025 1:04:26 ─╧ Person <init>
INFO: Created Person: Person{id=1, name='Alice', age=25}
ышёЄ. 23, 2025 1:04:26 ─╧ DataReader readPersons
WARNING: Skipping malformed line 2: invalid,line
ышёЄ. 23, 2025 1:04:26 ─╧ Person <init>
INFO: Created Person: Person{id=2, name='Bob', age=30}
ышёЄ. 23, 2025 1:04:26 ─╧ DataReader readPersons
WARNING: Skipping invalid line 4: Age must be between 0 and 150, got: 999
ышёЄ. 23, 2025 1:04:26 ─╧ DataReader readPersons
INFO: Finished reading file: C:\Users\Yurii\AppData\Local\Temp\test_persons6573025670671005887.csv, loaded persons: 2
ышёЄ. 23, 2025 1:04:26 ─╧ DataReader readPersons
FINE: Closed file: C:\Users\Yurii\AppData\Local\Temp\test_persons6573025670671005887.csv
ышёЄ. 23, 2025 1:04:26 ─╧ DataReader readPersons
INFO: Opening file: C:\Users\Yurii\AppData\Local\Temp\test_persons1342249060642331254.csv
ышёЄ. 23, 2025 1:04:26 ─╧ Person <init>
INFO: Created Person: Person{id=1, name='John Doe', age=35}
ышёЄ. 23, 2025 1:04:26 ─╧ Person <init>
INFO: Created Person: Person{id=2, name='Jane', age=28}
ышёЄ. 23, 2025 1:04:26 ─╧ DataReader readPersons
INFO: Finished reading file: C:\Users\Yurii\AppData\Local\Temp\test_persons1342249060642331254.csv, loaded persons: 2
ышёЄ. 23, 2025 1:04:26 ─╧ DataReader readPersons
FINE: Closed file: C:\Users\Yurii\AppData\Local\Temp\test_persons1342249060642331254.csv
......
Time: 0,224

OK (6 tests)

